// Jest Snapshot v1, https://goo.gl/fbAQLP

exports[`SelectList should render a select list with 3 items 1`] = `
.c3 {
  position: relative;
}

.c4 {
  background: none;
  text-align: left;
  font-size: 1rem;
  line-height: 1.25rem;
  padding: 0.5rem 0.875rem 0.5rem 2.625rem;
  color: #FFF;
  border: 1px solid #404040;
  border-radius: 0.375rem;
  cursor: pointer;
  -webkit-transition: all .2s ease-in-out;
  transition: all .2s ease-in-out;
  width: 100%;
  outline: 1px solid transparent;
}

.c4:hover,
.c4:active {
  border-color: #B4B4B4;
  outline: none;
}

.c4:focus-visible {
  outline-offset: 1px;
  outline: 1px solid #FFF;
}

.c4-webkit-outer-spin-button,
.c4::-webkit-inner-spin-button {
  -webkit-appearance: none;
  margin: 0;
}

.c4[type='search']::-webkit-search-cancel-button {
  -webkit-appearance: none;
  -webkit-appearance: none;
  -moz-appearance: none;
  appearance: none;
}

.c4[type='number'] {
  -moz-appearance: textfield;
}

.c5 {
  display: -webkit-inline-box;
  display: -webkit-inline-flex;
  display: -ms-inline-flexbox;
  display: inline-flex;
  -webkit-box-pack: center;
  -webkit-justify-content: center;
  -ms-flex-pack: center;
  justify-content: center;
  -webkit-align-items: center;
  -webkit-box-align: center;
  -ms-flex-align: center;
  align-items: center;
  cursor: unset;
  -webkit-transition: all .2s ease-in-out;
  transition: all .2s ease-in-out;
}

.c5 > * {
  width: 1em;
  height: 1em;
  font-size: 1.25rem;
}

.c8 {
  display: -webkit-inline-box;
  display: -webkit-inline-flex;
  display: -ms-inline-flexbox;
  display: inline-flex;
  -webkit-box-pack: center;
  -webkit-justify-content: center;
  -ms-flex-pack: center;
  justify-content: center;
  -webkit-align-items: center;
  -webkit-box-align: center;
  -ms-flex-align: center;
  align-items: center;
  cursor: unset;
  -webkit-transition: all .2s ease-in-out;
  transition: all .2s ease-in-out;
}

.c8 > * {
  width: 1em;
  height: 1em;
  font-size: 1.5rem;
}

.c0 {
  display: -webkit-box;
  display: -webkit-flex;
  display: -ms-flexbox;
  display: flex;
  -webkit-flex-direction: column;
  -ms-flex-direction: column;
  flex-direction: column;
  width: 100%;
  background: #161B20;
  border-radius: 0.375rem;
  overflow: auto;
  -webkit-box-flex: 1;
  -webkit-flex-grow: 1;
  -ms-flex-positive: 1;
  flex-grow: 1;
}

.c1 {
  font-size: 1rem;
  line-height: 1.375rem;
  color: #B4B4B4;
  padding: 0.75rem;
}

.c2 {
  margin: 0 0.75rem 0.5rem;
}

.c6 {
  overflow-y: auto;
  margin: 0;
  padding: 0;
}

.c6::-webkit-scrollbar,
.c6::-webkit-scrollbar-track,
.c6::-webkit-scrollbar-thumb {
  display: none;
}

.c7 {
  display: -webkit-box;
  display: -webkit-flex;
  display: -ms-flexbox;
  display: flex;
  -webkit-align-items: center;
  -webkit-box-align: center;
  -ms-flex-align: center;
  align-items: center;
  cursor: pointer;
  font-size: 1rem;
  color: #B4B4B4;
  line-height: 1.375rem;
  padding: 0.75rem;
  background-color: transparent;
}

.c7:hover {
  background-color: #1A1F25;
}

.c9 {
  margin: 0;
  padding-left: 0.625rem;
}

<div
  class="c0"
  data-testid="select-list"
>
  <div
    class="c1"
  >
    Select 
    Network
  </div>
  <div
    class="c2"
  >
    <div
      class="c3"
    >
      <input
        class="c4"
        placeholder="Network Name"
        type="search"
        value=""
      />
      <div
        class="c5"
        data-testid="icon"
        size="20"
        style="position: absolute; transform: translate(-50%, -50%); top: 50%; left: 20px;"
      >
        <svg
          theme="[object Object]"
        >
          search.svg
        </svg>
      </div>
    </div>
  </div>
  <ul
    class="c6"
  >
    <li
      class="c7"
      value="NETWORK"
    >
      <div
        class="c8"
        data-testid="icon"
      >
        <svg
          theme="[object Object]"
        >
          eth.svg
        </svg>
      </div>
      <p
        class="c9"
      >
        ETH
      </p>
    </li>
    <li
      class="c7"
      value="NETWORK"
    >
      <div
        class="c8"
        data-testid="icon"
      >
        <svg
          theme="[object Object]"
        >
          btc.svg
        </svg>
      </div>
      <p
        class="c9"
      >
        BTC
      </p>
    </li>
    <li
      class="c7"
      value="NETWORK"
    >
      <div
        class="c8"
        data-testid="icon"
      >
        <svg
          theme="[object Object]"
        >
          usdt.svg
        </svg>
      </div>
      <p
        class="c9"
      >
        USDT
      </p>
    </li>
  </ul>
</div>
`;
